<?xml version="1.0" encoding="utf-8"?><testsuites><testsuite name="pytest" errors="0" failures="0" skipped="0" tests="1" time="10.793" timestamp="2021-09-23T10:36:46.068516" hostname="shulga-pc"><testcase classname="test.test_a_check_valid_authorization" name="test_check_valid_authorization" time="10.769" /></testsuite></testsuites>